{"indexer":{"indexer_state":"Active","memory_quota":536870912,"memory_total_storage":66150400,"memory_used":150212104,"total_indexer_gc_pause_ns":2029368},"travel-sample:def_airportname":{"avg_drain_rate":0,"avg_item_size":55,"avg_scan_latency":0,"cache_hit_percent":100,"cache_hits":0,"cache_misses":0,"data_size":156900,"disk_size":15033,"frag_percent":0,"initial_build_progress":100,"items_count":1810,"last_known_scan_time":0,"memory_used":232920,"num_docs_indexed":31591,"num_docs_pending":0,"num_docs_queued":0,"num_items_flushed":31591,"num_pending_requests":0,"num_requests":0,"num_rows_returned":0,"num_scan_errors":0,"num_scan_timeouts":0,"recs_in_mem":1810,"recs_on_disk":0,"resident_percent":100,"scan_bytes_read":0,"total_scan_duration":0},"travel-sample:def_city":{"avg_drain_rate":0,"avg_item_size":48,"avg_scan_latency":0,"cache_hit_percent":100,"cache_hits":0,"cache_misses":0,"data_size":534437,"disk_size":15032,"frag_percent":0,"initial_build_progress":100,"items_count":6760,"last_known_scan_time":0,"memory_used":818357,"num_docs_indexed":31591,"num_docs_pending":0,"num_docs_queued":0,"num_items_flushed":31591,"num_pending_requests":0,"num_requests":0,"num_rows_returned":0,"num_scan_errors":0,"num_scan_timeouts":0,"recs_in_mem":6760,"recs_on_disk":0,"resident_percent":100,"scan_bytes_read":0,"total_scan_duration":0},"travel-sample:def_faa":{"avg_drain_rate":0,"avg_item_size":38,"avg_scan_latency":0,"cache_hit_percent":100,"cache_hits":0,"cache_misses":0,"data_size":127703,"disk_size":15032,"frag_percent":0,"initial_build_progress":100,"items_count":1810,"last_known_scan_time":0,"memory_used":203723,"num_docs_indexed":31591,"num_docs_pending":0,"num_docs_queued":0,"num_items_flushed":31591,"num_pending_requests":0,"num_requests":0,"num_rows_returned":0,"num_scan_errors":0,"num_scan_timeouts":0,"recs_in_mem":1810,"recs_on_disk":0,"resident_percent":100,"scan_bytes_read":0,"total_scan_duration":0},"travel-sample:def_icao":{"avg_drain_rate":0,"avg_item_size":39,"avg_scan_latency":0,"cache_hit_percent":100,"cache_hits":0,"cache_misses":0,"data_size":143421,"disk_size":15032,"frag_percent":0,"initial_build_progress":100,"items_count":1986,"last_known_scan_time":0,"memory_used":226833,"num_docs_indexed":31591,"num_docs_pending":0,"num_docs_queued":0,"num_items_flushed":31591,"num_pending_requests":0,"num_requests":0,"num_rows_returned":0,"num_scan_errors":0,"num_scan_timeouts":0,"recs_in_mem":1986,"recs_on_disk":0,"resident_percent":100,"scan_bytes_read":0,"total_scan_duration":0},"travel-sample:def_name_type":{"avg_drain_rate":0,"avg_item_size":0,"avg_scan_latency":0,"cache_hit_percent":100,"cache_hits":0,"cache_misses":0,"data_size":64,"disk_size":15033,"frag_percent":0,"initial_build_progress":100,"items_count":0,"last_known_scan_time":0,"memory_used":64,"num_docs_indexed":31384,"num_docs_pending":0,"num_docs_queued":0,"num_items_flushed":31384,"num_pending_requests":0,"num_requests":0,"num_rows_returned":0,"num_scan_errors":0,"num_scan_timeouts":0,"recs_in_mem":0,"recs_on_disk":0,"resident_percent":100,"scan_bytes_read":0,"total_scan_duration":0},"travel-sample:def_primary":{"avg_drain_rate":0,"avg_item_size":12,"avg_scan_latency":0,"cache_hit_percent":100,"cache_hits":0,"cache_misses":0,"data_size":1748002,"disk_size":15032,"frag_percent":0,"initial_build_progress":100,"items_count":28862,"last_known_scan_time":0,"memory_used":1748002,"num_docs_indexed":31591,"num_docs_pending":0,"num_docs_queued":0,"num_items_flushed":31591,"num_pending_requests":0,"num_requests":0,"num_rows_returned":0,"num_scan_errors":0,"num_scan_timeouts":0,"recs_in_mem":28862,"recs_on_disk":0,"resident_percent":100,"scan_bytes_read":0,"total_scan_duration":0},"travel-sample:def_route_src_dst_day":{"avg_array_length":6,"avg_drain_rate":0,"avg_item_size":38,"avg_scan_latency":0,"cache_hit_percent":100,"cache_hits":0,"cache_misses":0,"data_size":12671310,"disk_size":15033,"docid_count":21915,"frag_percent":0,"initial_build_progress":100,"items_count":152418,"last_known_scan_time":0,"memory_used":13591740,"num_docs_indexed":31545,"num_docs_pending":0,"num_docs_queued":0,"num_items_flushed":168168,"num_pending_requests":0,"num_requests":0,"num_rows_returned":0,"num_scan_errors":0,"num_scan_timeouts":0,"recs_in_mem":152418,"recs_on_disk":0,"resident_percent":100,"scan_bytes_read":0,"total_scan_duration":0},"travel-sample:def_schedule_utc":{"avg_drain_rate":0,"avg_item_size":285,"avg_scan_latency":0,"cache_hit_percent":100,"cache_hits":0,"cache_misses":0,"data_size":6518050,"disk_size":15032,"frag_percent":0,"initial_build_progress":100,"items_count":21926,"last_known_scan_time":0,"memory_used":7438942,"num_docs_indexed":31591,"num_docs_pending":0,"num_docs_queued":0,"num_items_flushed":31591,"num_pending_requests":0,"num_requests":0,"num_rows_returned":0,"num_scan_errors":0,"num_scan_timeouts":0,"recs_in_mem":21926,"recs_on_disk":0,"resident_percent":100,"scan_bytes_read":0,"total_scan_duration":0},"travel-sample:def_sourceairport":{"avg_drain_rate":0,"avg_item_size":36,"avg_scan_latency":0,"cache_hit_percent":100,"cache_hits":0,"cache_misses":0,"data_size":1537598,"disk_size":15033,"frag_percent":0,"initial_build_progress":100,"items_count":21926,"last_known_scan_time":0,"memory_used":2458490,"num_docs_indexed":31591,"num_docs_pending":0,"num_docs_queued":0,"num_items_flushed":31591,"num_pending_requests":0,"num_requests":0,"num_rows_returned":0,"num_scan_errors":0,"num_scan_timeouts":0,"recs_in_mem":21926,"recs_on_disk":0,"resident_percent":100,"scan_bytes_read":0,"total_scan_duration":0},"travel-sample:def_type":{"avg_drain_rate":0,"avg_item_size":40,"avg_scan_latency":0,"cache_hit_percent":100,"cache_hits":0,"cache_misses":0,"data_size":2112547,"disk_size":15033,"frag_percent":0,"initial_build_progress":100,"items_count":28862,"last_known_scan_time":0,"memory_used":3324751,"num_docs_indexed":31591,"num_docs_pending":0,"num_docs_queued":0,"num_items_flushed":31591,"num_pending_requests":0,"num_requests":0,"num_rows_returned":0,"num_scan_errors":0,"num_scan_timeouts":0,"recs_in_mem":28862,"recs_on_disk":0,"resident_percent":100,"scan_bytes_read":0,"total_scan_duration":0},"travel-sample:inventory:airline:def_inventory_airline_primary":{"avg_drain_rate":0,"avg_item_size":12,"avg_scan_latency":0,"cache_hit_percent":100,"cache_hits":0,"cache_misses":0,"data_size":11602,"disk_size":35111,"frag_percent":0,"initial_build_progress":100,"items_count":187,"last_known_scan_time":0,"memory_used":11602,"num_docs_indexed":187,"num_docs_pending":0,"num_docs_queued":0,"num_items_flushed":187,"num_pending_requests":0,"num_requests":0,"num_rows_returned":0,"num_scan_errors":0,"num_scan_timeouts":0,"recs_in_mem":187,"recs_on_disk":0,"resident_percent":100,"scan_bytes_read":0,"total_scan_duration":0},"travel-sample:inventory:airport:def_inventory_airport_airportname":{"avg_drain_rate":0,"avg_item_size":50,"avg_scan_latency":0,"cache_hit_percent":100,"cache_hits":0,"cache_misses":0,"data_size":170239,"disk_size":112611,"frag_percent":0,"initial_build_progress":100,"items_count":1968,"last_known_scan_time":0,"memory_used":252895,"num_docs_indexed":1968,"num_docs_pending":0,"num_docs_queued":0,"num_items_flushed":1968,"num_pending_requests":0,"num_requests":0,"num_rows_returned":0,"num_scan_errors":0,"num_scan_timeouts":0,"recs_in_mem":1968,"recs_on_disk":0,"resident_percent":100,"scan_bytes_read":0,"total_scan_duration":0},"travel-sample:inventory:airport:def_inventory_airport_city":{"avg_drain_rate":0,"avg_item_size":41,"avg_scan_latency":0,"cache_hit_percent":100,"cache_hits":0,"cache_misses":0,"data_size":151887,"disk_size":94849,"frag_percent":0,"initial_build_progress":100,"items_count":1968,"last_known_scan_time":0,"memory_used":234543,"num_docs_indexed":1968,"num_docs_pending":0,"num_docs_queued":0,"num_items_flushed":1968,"num_pending_requests":0,"num_requests":0,"num_rows_returned":0,"num_scan_errors":0,"num_scan_timeouts":0,"recs_in_mem":1968,"recs_on_disk":0,"resident_percent":100,"scan_bytes_read":0,"total_scan_duration":0},"travel-sample:inventory:airport:def_inventory_airport_faa":{"avg_drain_rate":0,"avg_item_size":35,"avg_scan_latency":0,"cache_hit_percent":100,"cache_hits":0,"cache_misses":0,"data_size":139960,"disk_size":82179,"frag_percent":0,"initial_build_progress":100,"items_count":1968,"last_known_scan_time":0,"memory_used":222616,"num_docs_indexed":1968,"num_docs_pending":0,"num_docs_queued":0,"num_items_flushed":1968,"num_pending_requests":0,"num_requests":0,"num_rows_returned":0,"num_scan_errors":0,"num_scan_timeouts":0,"recs_in_mem":1968,"recs_on_disk":0,"resident_percent":100,"scan_bytes_read":0,"total_scan_duration":0},"travel-sample:inventory:airport:def_inventory_airport_primary":{"avg_drain_rate":0,"avg_item_size":11,"avg_scan_latency":0,"cache_hit_percent":100,"cache_hits":0,"cache_misses":0,"data_size":120308,"disk_size":63500,"frag_percent":0,"initial_build_progress":100,"items_count":1968,"last_known_scan_time":0,"memory_used":120308,"num_docs_indexed":1968,"num_docs_pending":0,"num_docs_queued":0,"num_items_flushed":1968,"num_pending_requests":0,"num_requests":0,"num_rows_returned":0,"num_scan_errors":0,"num_scan_timeouts":0,"recs_in_mem":1968,"recs_on_disk":0,"resident_percent":100,"scan_bytes_read":0,"total_scan_duration":0},"travel-sample:inventory:hotel:def_inventory_hotel_city":{"avg_drain_rate":0,"avg_item_size":40,"avg_scan_latency":0,"cache_hit_percent":100,"cache_hits":0,"cache_misses":0,"data_size":70193,"disk_size":61088,"frag_percent":0,"initial_build_progress":100,"items_count":917,"last_known_scan_time":0,"memory_used":108707,"num_docs_indexed":917,"num_docs_pending":0,"num_docs_queued":0,"num_items_flushed":917,"num_pending_requests":0,"num_requests":0,"num_rows_returned":0,"num_scan_errors":0,"num_scan_timeouts":0,"recs_in_mem":917,"recs_on_disk":0,"resident_percent":100,"scan_bytes_read":0,"total_scan_duration":0},"travel-sample:inventory:hotel:def_inventory_hotel_primary":{"avg_drain_rate":0,"avg_item_size":10,"avg_scan_latency":0,"cache_hit_percent":100,"cache_hits":0,"cache_misses":0,"data_size":54974,"disk_size":45658,"frag_percent":0,"initial_build_progress":100,"items_count":917,"last_known_scan_time":0,"memory_used":54974,"num_docs_indexed":917,"num_docs_pending":0,"num_docs_queued":0,"num_items_flushed":917,"num_pending_requests":0,"num_requests":0,"num_rows_returned":0,"num_scan_errors":0,"num_scan_timeouts":0,"recs_in_mem":917,"recs_on_disk":0,"resident_percent":100,"scan_bytes_read":0,"total_scan_duration":0},"travel-sample:inventory:landmark:def_inventory_landmark_city":{"avg_drain_rate":0,"avg_item_size":46,"avg_scan_latency":0,"cache_hit_percent":100,"cache_hits":0,"cache_misses":0,"data_size":360169,"disk_size":188284,"frag_percent":0,"initial_build_progress":100,"items_count":4495,"last_known_scan_time":0,"memory_used":548959,"num_docs_indexed":4495,"num_docs_pending":0,"num_docs_queued":0,"num_items_flushed":4495,"num_pending_requests":0,"num_requests":0,"num_rows_returned":0,"num_scan_errors":0,"num_scan_timeouts":0,"recs_in_mem":4495,"recs_on_disk":0,"resident_percent":100,"scan_bytes_read":0,"total_scan_duration":0},"travel-sample:inventory:landmark:def_inventory_landmark_primary":{"avg_drain_rate":0,"avg_item_size":13,"avg_scan_latency":0,"cache_hit_percent":100,"cache_hits":0,"cache_misses":0,"data_size":282815,"disk_size":112050,"frag_percent":0,"initial_build_progress":100,"items_count":4495,"last_known_scan_time":0,"memory_used":282815,"num_docs_indexed":4495,"num_docs_pending":0,"num_docs_queued":0,"num_items_flushed":4495,"num_pending_requests":0,"num_requests":0,"num_rows_returned":0,"num_scan_errors":0,"num_scan_timeouts":0,"recs_in_mem":4495,"recs_on_disk":0,"resident_percent":100,"scan_bytes_read":0,"total_scan_duration":0},"travel-sample:inventory:route:def_inventory_route_primary":{"avg_drain_rate":0,"avg_item_size":10,"avg_scan_latency":0,"cache_hit_percent":100,"cache_hits":0,"cache_misses":0,"data_size":1442995,"disk_size":387894,"frag_percent":0,"initial_build_progress":100,"items_count":24024,"last_known_scan_time":0,"memory_used":1442995,"num_docs_indexed":24024,"num_docs_pending":0,"num_docs_queued":0,"num_items_flushed":24024,"num_pending_requests":0,"num_requests":0,"num_rows_returned":0,"num_scan_errors":0,"num_scan_timeouts":0,"recs_in_mem":24024,"recs_on_disk":0,"resident_percent":100,"scan_bytes_read":0,"total_scan_duration":0},"travel-sample:inventory:route:def_inventory_route_route_src_dst_day":{"avg_array_length":7,"avg_drain_rate":0,"avg_item_size":35,"avg_scan_latency":0,"cache_hit_percent":100,"cache_hits":0,"cache_misses":0,"data_size":13888685,"disk_size":6294270,"docid_count":24024,"frag_percent":0,"initial_build_progress":100,"items_count":168168,"last_known_scan_time":0,"memory_used":14897693,"num_docs_indexed":24024,"num_docs_pending":0,"num_docs_queued":0,"num_items_flushed":168168,"num_pending_requests":0,"num_requests":0,"num_rows_returned":0,"num_scan_errors":0,"num_scan_timeouts":0,"recs_in_mem":168168,"recs_on_disk":0,"resident_percent":100,"scan_bytes_read":0,"total_scan_duration":0},"travel-sample:inventory:route:def_inventory_route_schedule_utc":{"avg_drain_rate":0,"avg_item_size":260,"avg_scan_latency":0,"cache_hit_percent":100,"cache_hits":0,"cache_misses":0,"data_size":7144959,"disk_size":6090368,"frag_percent":0,"initial_build_progress":100,"items_count":24024,"last_known_scan_time":0,"memory_used":8153967,"num_docs_indexed":24024,"num_docs_pending":0,"num_docs_queued":0,"num_items_flushed":24024,"num_pending_requests":0,"num_requests":0,"num_rows_returned":0,"num_scan_errors":0,"num_scan_timeouts":0,"recs_in_mem":24024,"recs_on_disk":0,"resident_percent":100,"scan_bytes_read":0,"total_scan_duration":0},"travel-sample:inventory:route:def_inventory_route_sourceairport":{"avg_drain_rate":0,"avg_item_size":33,"avg_scan_latency":0,"cache_hit_percent":100,"cache_hits":0,"cache_misses":0,"data_size":1682499,"disk_size":628162,"frag_percent":0,"initial_build_progress":100,"items_count":24024,"last_known_scan_time":0,"memory_used":2691507,"num_docs_indexed":24024,"num_docs_pending":0,"num_docs_queued":0,"num_items_flushed":24024,"num_pending_requests":0,"num_requests":0,"num_rows_returned":0,"num_scan_errors":0,"num_scan_timeouts":0,"recs_in_mem":24024,"recs_on_disk":0,"resident_percent":100,"scan_bytes_read":0,"total_scan_duration":0}}